
> newme-backend@1.0.0 start
> node dist/src/main.js

node:internal/modules/cjs/loader:1404
  throw err;
  ^

Error: Cannot find module './common/filters/api-exception.filter'
Require stack:
- c:\Users\LENOVO\Documents\Project\2026\newme\backend\dist\src\main.js
    at Function._resolveFilename (node:internal/modules/cjs/loader:1401:15)
    at defaultResolveImpl (node:internal/modules/cjs/loader:1057:19)
    at resolveForCJSWithHooks (node:internal/modules/cjs/loader:1062:22)
    at Function._load (node:internal/modules/cjs/loader:1211:37)
    at TracingChannel.traceSync (node:diagnostics_channel:322:14)
    at wrapModuleLoad (node:internal/modules/cjs/loader:235:24)
    at Module.require (node:internal/modules/cjs/loader:1487:12)
    at require (node:internal/modules/helpers:135:16)
    at Object.<anonymous> (c:\Users\LENOVO\Documents\Project\2026\newme\backend\dist\src\main.js:7:32)
    at Module._compile (node:internal/modules/cjs/loader:1730:14) {
  code: 'MODULE_NOT_FOUND',
  requireStack: [
    'c:\\Users\\LENOVO\\Documents\\Project\\2026\\newme\\backend\\dist\\src\\main.js'
  ]
}

Node.js v22.17.0
