[32m[Nest] 33508  - [39m18/03/2026, 00.10.29 [32m    LOG[39m [38;5;3m[NestFactory] [39m[32mStarting Nest application...[39m
[32m[Nest] 33508  - [39m18/03/2026, 00.10.29 [32m    LOG[39m [38;5;3m[InstanceLoader] [39m[32mBullModule dependencies initialized[39m[38;5;3m +5ms[39m
[32m[Nest] 33508  - [39m18/03/2026, 00.10.29 [32m    LOG[39m [38;5;3m[InstanceLoader] [39m[32mPrismaModule dependencies initialized[39m[38;5;3m +1ms[39m
[32m[Nest] 33508  - [39m18/03/2026, 00.10.29 [32m    LOG[39m [38;5;3m[InstanceLoader] [39m[32mQueueModule dependencies initialized[39m[38;5;3m +1ms[39m
[32m[Nest] 33508  - [39m18/03/2026, 00.10.29 [32m    LOG[39m [38;5;3m[InstanceLoader] [39m[32mThrottlerModule dependencies initialized[39m[38;5;3m +1ms[39m
[32m[Nest] 33508  - [39m18/03/2026, 00.10.29 [32m    LOG[39m [38;5;3m[InstanceLoader] [39m[32mJwtModule dependencies initialized[39m[38;5;3m +0ms[39m
[32m[Nest] 33508  - [39m18/03/2026, 00.10.29 [32m    LOG[39m [38;5;3m[InstanceLoader] [39m[32mConfigHostModule dependencies initialized[39m[38;5;3m +0ms[39m
[32m[Nest] 33508  - [39m18/03/2026, 00.10.29 [32m    LOG[39m [38;5;3m[InstanceLoader] [39m[32mScoringModule dependencies initialized[39m[38;5;3m +0ms[39m
[32m[Nest] 33508  - [39m18/03/2026, 00.10.29 [32m    LOG[39m [38;5;3m[InstanceLoader] [39m[32mDiscoveryModule dependencies initialized[39m[38;5;3m +1ms[39m
[32m[Nest] 33508  - [39m18/03/2026, 00.10.29 [32m    LOG[39m [38;5;3m[InstanceLoader] [39m[32mArticlesModule dependencies initialized[39m[38;5;3m +0ms[39m
[32m[Nest] 33508  - [39m18/03/2026, 00.10.29 [32m    LOG[39m [38;5;3m[InstanceLoader] [39m[32mBannersModule dependencies initialized[39m[38;5;3m +0ms[39m
[32m[Nest] 33508  - [39m18/03/2026, 00.10.29 [32m    LOG[39m [38;5;3m[InstanceLoader] [39m[32mRunningInfoModule dependencies initialized[39m[38;5;3m +0ms[39m
[32m[Nest] 33508  - [39m18/03/2026, 00.10.29 [32m    LOG[39m [38;5;3m[InstanceLoader] [39m[32mContactsModule dependencies initialized[39m[38;5;3m +0ms[39m
[32m[Nest] 33508  - [39m18/03/2026, 00.10.29 [32m    LOG[39m [38;5;3m[InstanceLoader] [39m[32mInstitutionsModule dependencies initialized[39m[38;5;3m +0ms[39m
[32m[Nest] 33508  - [39m18/03/2026, 00.10.29 [32m    LOG[39m [38;5;3m[InstanceLoader] [39m[32mRegistrationsModule dependencies initialized[39m[38;5;3m +0ms[39m
[32m[Nest] 33508  - [39m18/03/2026, 00.10.29 [32m    LOG[39m [38;5;3m[InstanceLoader] [39m[32mAnalyticsModule dependencies initialized[39m[38;5;3m +1ms[39m
[32m[Nest] 33508  - [39m18/03/2026, 00.10.29 [32m    LOG[39m [38;5;3m[InstanceLoader] [39m[32mConfigModule dependencies initialized[39m[38;5;3m +0ms[39m
[32m[Nest] 33508  - [39m18/03/2026, 00.10.29 [32m    LOG[39m [38;5;3m[InstanceLoader] [39m[32mTransactionsModule dependencies initialized[39m[38;5;3m +0ms[39m
[32m[Nest] 33508  - [39m18/03/2026, 00.10.29 [32m    LOG[39m [38;5;3m[InstanceLoader] [39m[32mQuestionsModule dependencies initialized[39m[38;5;3m +0ms[39m
[32m[Nest] 33508  - [39m18/03/2026, 00.10.29 [32m    LOG[39m [38;5;3m[InstanceLoader] [39m[32mPersonalityResultsModule dependencies initialized[39m[38;5;3m +0ms[39m
[32m[Nest] 33508  - [39m18/03/2026, 00.10.29 [32m    LOG[39m [38;5;3m[InstanceLoader] [39m[32mScheduleModule dependencies initialized[39m[38;5;3m +0ms[39m
[32m[Nest] 33508  - [39m18/03/2026, 00.10.29 [32m    LOG[39m [38;5;3m[InstanceLoader] [39m[32mBullModule dependencies initialized[39m[38;5;3m +0ms[39m
[32m[Nest] 33508  - [39m18/03/2026, 00.10.29 [32m    LOG[39m [38;5;3m[InstanceLoader] [39m[32mBullModule dependencies initialized[39m[38;5;3m +0ms[39m
[32m[Nest] 33508  - [39m18/03/2026, 00.10.29 [32m    LOG[39m [38;5;3m[InstanceLoader] [39m[32mBullModule dependencies initialized[39m[38;5;3m +1ms[39m
[32m[Nest] 33508  - [39m18/03/2026, 00.10.29 [32m    LOG[39m [38;5;3m[InstanceLoader] [39m[32mAppModule dependencies initialized[39m[38;5;3m +0ms[39m
[32m[Nest] 33508  - [39m18/03/2026, 00.10.29 [32m    LOG[39m [38;5;3m[InstanceLoader] [39m[32mProductsModule dependencies initialized[39m[38;5;3m +0ms[39m
[32m[Nest] 33508  - [39m18/03/2026, 00.10.29 [32m    LOG[39m [38;5;3m[InstanceLoader] [39m[32mAdminModule dependencies initialized[39m[38;5;3m +0ms[39m
[32m[Nest] 33508  - [39m18/03/2026, 00.10.29 [32m    LOG[39m [38;5;3m[InstanceLoader] [39m[32mMediaModule dependencies initialized[39m[38;5;3m +0ms[39m
[32m[Nest] 33508  - [39m18/03/2026, 00.10.29 [32m    LOG[39m [38;5;3m[InstanceLoader] [39m[32mCertificatesModule dependencies initialized[39m[38;5;3m +1ms[39m
[32m[Nest] 33508  - [39m18/03/2026, 00.10.29 [32m    LOG[39m [38;5;3m[InstanceLoader] [39m[32mYayasanModule dependencies initialized[39m[38;5;3m +0ms[39m
[32m[Nest] 33508  - [39m18/03/2026, 00.10.29 [32m    LOG[39m [38;5;3m[InstanceLoader] [39m[32mMitraModule dependencies initialized[39m[38;5;3m +0ms[39m
[32m[Nest] 33508  - [39m18/03/2026, 00.10.29 [32m    LOG[39m [38;5;3m[InstanceLoader] [39m[32mWalletModule dependencies initialized[39m[38;5;3m +0ms[39m
[32m[Nest] 33508  - [39m18/03/2026, 00.10.29 [32m    LOG[39m [38;5;3m[InstanceLoader] [39m[32mUserPaymentsModule dependencies initialized[39m[38;5;3m +0ms[39m
[32m[Nest] 33508  - [39m18/03/2026, 00.10.29 [32m    LOG[39m [38;5;3m[InstanceLoader] [39m[32mUsersModule dependencies initialized[39m[38;5;3m +0ms[39m
[32m[Nest] 33508  - [39m18/03/2026, 00.10.29 [32m    LOG[39m [38;5;3m[InstanceLoader] [39m[32mUploadModule dependencies initialized[39m[38;5;3m +1ms[39m
[32m[Nest] 33508  - [39m18/03/2026, 00.10.29 [32m    LOG[39m [38;5;3m[InstanceLoader] [39m[32mWebsiteContentModule dependencies initialized[39m[38;5;3m +0ms[39m
[32m[Nest] 33508  - [39m18/03/2026, 00.10.29 [32m    LOG[39m [38;5;3m[InstanceLoader] [39m[32mTestAccessModule dependencies initialized[39m[38;5;3m +0ms[39m
[32m[Nest] 33508  - [39m18/03/2026, 00.10.29 [32m    LOG[39m [38;5;3m[InstanceLoader] [39m[32mAiAnalysisModule dependencies initialized[39m[38;5;3m +0ms[39m
[32m[Nest] 33508  - [39m18/03/2026, 00.10.29 [32m    LOG[39m [38;5;3m[InstanceLoader] [39m[32mFinanceModule dependencies initialized[39m[38;5;3m +0ms[39m
[32m[Nest] 33508  - [39m18/03/2026, 00.10.29 [32m    LOG[39m [38;5;3m[InstanceLoader] [39m[32mReferralsModule dependencies initialized[39m[38;5;3m +0ms[39m
[32m[Nest] 33508  - [39m18/03/2026, 00.10.29 [32m    LOG[39m [38;5;3m[InstanceLoader] [39m[32mAuthModule dependencies initialized[39m[38;5;3m +0ms[39m
[32m[Nest] 33508  - [39m18/03/2026, 00.10.29 [32m    LOG[39m [38;5;3m[InstanceLoader] [39m[32mSettingsModule dependencies initialized[39m[38;5;3m +0ms[39m
[32m[Nest] 33508  - [39m18/03/2026, 00.10.29 [32m    LOG[39m [38;5;3m[InstanceLoader] [39m[32mTestResultsModule dependencies initialized[39m[38;5;3m +1ms[39m
[32m[Nest] 33508  - [39m18/03/2026, 00.10.29 [32m    LOG[39m [38;5;3m[InstanceLoader] [39m[32mHealthModule dependencies initialized[39m[38;5;3m +0ms[39m
[32m[Nest] 33508  - [39m18/03/2026, 00.10.29 [32m    LOG[39m [38;5;3m[InstanceLoader] [39m[32mPersonalityTestsModule dependencies initialized[39m[38;5;3m +0ms[39m
[32m[Nest] 33508  - [39m18/03/2026, 00.10.29 [32m    LOG[39m [38;5;3m[InstanceLoader] [39m[32mPaymentsModule dependencies initialized[39m[38;5;3m +0ms[39m
[32m[Nest] 33508  - [39m18/03/2026, 00.10.29 [32m    LOG[39m [38;5;3m[RoutesResolver] [39m[32mHealthController {/api/health}:[39m[38;5;3m +0ms[39m
[32m[Nest] 33508  - [39m18/03/2026, 00.10.29 [32m    LOG[39m [38;5;3m[RouterExplorer] [39m[32mMapped {/api/health, GET} route[39m[38;5;3m +0ms[39m
[32m[Nest] 33508  - [39m18/03/2026, 00.10.29 [32m    LOG[39m [38;5;3m[RoutesResolver] [39m[32mPaymentsController {/api/payments}:[39m[38;5;3m +0ms[39m
[32m[Nest] 33508  - [39m18/03/2026, 00.10.29 [32m    LOG[39m [38;5;3m[RouterExplorer] [39m[32mMapped {/api/payments/upload-proof, POST} route[39m[38;5;3m +0ms[39m
[32m[Nest] 33508  - [39m18/03/2026, 00.10.29 [32m    LOG[39m [38;5;3m[RouterExplorer] [39m[32mMapped {/api/payments, GET} route[39m[38;5;3m +1ms[39m
[32m[Nest] 33508  - [39m18/03/2026, 00.10.29 [32m    LOG[39m [38;5;3m[RouterExplorer] [39m[32mMapped {/api/payments/stats/summary, GET} route[39m[38;5;3m +0ms[39m
[32m[Nest] 33508  - [39m18/03/2026, 00.10.29 [32m    LOG[39m [38;5;3m[RouterExplorer] [39m[32mMapped {/api/payments/:id/approve, PUT} route[39m[38;5;3m +0ms[39m
[32m[Nest] 33508  - [39m18/03/2026, 00.10.29 [32m    LOG[39m [38;5;3m[RouterExplorer] [39m[32mMapped {/api/payments/registration/:registrationId, GET} route[39m[38;5;3m +0ms[39m
[32m[Nest] 33508  - [39m18/03/2026, 00.10.29 [32m    LOG[39m [38;5;3m[RouterExplorer] [39m[32mMapped {/api/payments/ops/summary, GET} route[39m[38;5;3m +0ms[39m
[32m[Nest] 33508  - [39m18/03/2026, 00.10.29 [32m    LOG[39m [38;5;3m[RouterExplorer] [39m[32mMapped {/api/payments/ops/webhooks, GET} route[39m[38;5;3m +0ms[39m
[32m[Nest] 33508  - [39m18/03/2026, 00.10.29 [32m    LOG[39m [38;5;3m[RouterExplorer] [39m[32mMapped {/api/payments/ops/alerts, GET} route[39m[38;5;3m +0ms[39m
[32m[Nest] 33508  - [39m18/03/2026, 00.10.29 [32m    LOG[39m [38;5;3m[RouterExplorer] [39m[32mMapped {/api/payments/ops/alerts/:id/acknowledge, POST} route[39m[38;5;3m +0ms[39m
[32m[Nest] 33508  - [39m18/03/2026, 00.10.29 [32m    LOG[39m [38;5;3m[RouterExplorer] [39m[32mMapped {/api/payments/ops/webhooks/:id/replay, POST} route[39m[38;5;3m +0ms[39m
[32m[Nest] 33508  - [39m18/03/2026, 00.10.29 [32m    LOG[39m [38;5;3m[RouterExplorer] [39m[32mMapped {/api/payments/midtrans/webhook, POST} route[39m[38;5;3m +1ms[39m
[32m[Nest] 33508  - [39m18/03/2026, 00.10.29 [32m    LOG[39m [38;5;3m[RouterExplorer] [39m[32mMapped {/api/payments/reconcile, POST} route[39m[38;5;3m +0ms[39m
[32m[Nest] 33508  - [39m18/03/2026, 00.10.29 [32m    LOG[39m [38;5;3m[RoutesResolver] [39m[32mAuthController {/api/auth}:[39m[38;5;3m +0ms[39m
[32m[Nest] 33508  - [39m18/03/2026, 00.10.29 [32m    LOG[39m [38;5;3m[RouterExplorer] [39m[32mMapped {/api/auth/register, POST} route[39m[38;5;3m +0ms[39m
[32m[Nest] 33508  - [39m18/03/2026, 00.10.29 [32m    LOG[39m [38;5;3m[RouterExplorer] [39m[32mMapped {/api/auth/register, GET} route[39m[38;5;3m +0ms[39m
[32m[Nest] 33508  - [39m18/03/2026, 00.10.29 [32m    LOG[39m [38;5;3m[RouterExplorer] [39m[32mMapped {/api/auth/login, POST} route[39m[38;5;3m +0ms[39m
[32m[Nest] 33508  - [39m18/03/2026, 00.10.29 [32m    LOG[39m [38;5;3m[RouterExplorer] [39m[32mMapped {/api/auth/me, GET} route[39m[38;5;3m +0ms[39m
[32m[Nest] 33508  - [39m18/03/2026, 00.10.29 [32m    LOG[39m [38;5;3m[RouterExplorer] [39m[32mMapped {/api/auth/refresh-session, POST} route[39m[38;5;3m +0ms[39m
[32m[Nest] 33508  - [39m18/03/2026, 00.10.29 [32m    LOG[39m [38;5;3m[RouterExplorer] [39m[32mMapped {/api/auth/profile, PUT} route[39m[38;5;3m +0ms[39m
[32m[Nest] 33508  - [39m18/03/2026, 00.10.29 [32m    LOG[39m [38;5;3m[RouterExplorer] [39m[32mMapped {/api/auth/change-password, PUT} route[39m[38;5;3m +0ms[39m
[32m[Nest] 33508  - [39m18/03/2026, 00.10.29 [32m    LOG[39m [38;5;3m[RouterExplorer] [39m[32mMapped {/api/auth/forgot-password, POST} route[39m[38;5;3m +0ms[39m
[32m[Nest] 33508  - [39m18/03/2026, 00.10.29 [32m    LOG[39m [38;5;3m[RouterExplorer] [39m[32mMapped {/api/auth/reset-password, POST} route[39m[38;5;3m +0ms[39m
[32m[Nest] 33508  - [39m18/03/2026, 00.10.29 [32m    LOG[39m [38;5;3m[RouterExplorer] [39m[32mMapped {/api/auth/referral-link, GET} route[39m[38;5;3m +1ms[39m
[32m[Nest] 33508  - [39m18/03/2026, 00.10.29 [32m    LOG[39m [38;5;3m[RoutesResolver] [39m[32mAdminAuthController {/api/admin}:[39m[38;5;3m +0ms[39m
[32m[Nest] 33508  - [39m18/03/2026, 00.10.29 [32m    LOG[39m [38;5;3m[RouterExplorer] [39m[32mMapped {/api/admin/login, POST} route[39m[38;5;3m +0ms[39m
[32m[Nest] 33508  - [39m18/03/2026, 00.10.29 [32m    LOG[39m [38;5;3m[RouterExplorer] [39m[32mMapped {/api/admin/me, GET} route[39m[38;5;3m +0ms[39m
[32m[Nest] 33508  - [39m18/03/2026, 00.10.29 [32m    LOG[39m [38;5;3m[RouterExplorer] [39m[32mMapped {/api/admin/dashboard/stats, GET} route[39m[38;5;3m +0ms[39m
[32m[Nest] 33508  - [39m18/03/2026, 00.10.29 [32m    LOG[39m [38;5;3m[RouterExplorer] [39m[32mMapped {/api/admin/users, GET} route[39m[38;5;3m +0ms[39m
[32m[Nest] 33508  - [39m18/03/2026, 00.10.29 [32m    LOG[39m [38;5;3m[RouterExplorer] [39m[32mMapped {/api/admin/users/create, POST} route[39m[38;5;3m +0ms[39m
[32m[Nest] 33508  - [39m18/03/2026, 00.10.29 [32m    LOG[39m [38;5;3m[RouterExplorer] [39m[32mMapped {/api/admin/users/:adminId/change-password, PUT} route[39m[38;5;3m +0ms[39m
[32m[Nest] 33508  - [39m18/03/2026, 00.10.29 [32m    LOG[39m [38;5;3m[RouterExplorer] [39m[32mMapped {/api/admin/users/:adminId, DELETE} route[39m[38;5;3m +0ms[39m
[32m[Nest] 33508  - [39m18/03/2026, 00.10.29 [32m    LOG[39m [38;5;3m[RoutesResolver] [39m[32mYayasanAuthController {/api/yayasan}:[39m[38;5;3m +0ms[39m
[32m[Nest] 33508  - [39m18/03/2026, 00.10.29 [32m    LOG[39m [38;5;3m[RouterExplorer] [39m[32mMapped {/api/yayasan/register, POST} route[39m[38;5;3m +0ms[39m
[32m[Nest] 33508  - [39m18/03/2026, 00.10.29 [32m    LOG[39m [38;5;3m[RouterExplorer] [39m[32mMapped {/api/yayasan/register, GET} route[39m[38;5;3m +1ms[39m
[32m[Nest] 33508  - [39m18/03/2026, 00.10.29 [32m    LOG[39m [38;5;3m[RouterExplorer] [39m[32mMapped {/api/yayasan/login, POST} route[39m[38;5;3m +0ms[39m
[32m[Nest] 33508  - [39m18/03/2026, 00.10.29 [32m    LOG[39m [38;5;3m[RoutesResolver] [39m[32mMitraAuthController {/api/mitra}:[39m[38;5;3m +0ms[39m
[32m[Nest] 33508  - [39m18/03/2026, 00.10.29 [32m    LOG[39m [38;5;3m[RouterExplorer] [39m[32mMapped {/api/mitra/register, POST} route[39m[38;5;3m +0ms[39m
[32m[Nest] 33508  - [39m18/03/2026, 00.10.29 [32m    LOG[39m [38;5;3m[RouterExplorer] [39m[32mMapped {/api/mitra/login, POST} route[39m[38;5;3m +0ms[39m
[32m[Nest] 33508  - [39m18/03/2026, 00.10.29 [32m    LOG[39m [38;5;3m[RoutesResolver] [39m[32mUsersController {/api/users}:[39m[38;5;3m +0ms[39m
[32m[Nest] 33508  - [39m18/03/2026, 00.10.29 [32m    LOG[39m [38;5;3m[RouterExplorer] [39m[32mMapped {/api/users, GET} route[39m[38;5;3m +0ms[39m
[32m[Nest] 33508  - [39m18/03/2026, 00.10.29 [32m    LOG[39m [38;5;3m[RouterExplorer] [39m[32mMapped {/api/users/stats/summary, GET} route[39m[38;5;3m +0ms[39m
[32m[Nest] 33508  - [39m18/03/2026, 00.10.29 [32m    LOG[39m [38;5;3m[RouterExplorer] [39m[32mMapped {/api/users/:id, GET} route[39m[38;5;3m +0ms[39m
[32m[Nest] 33508  - [39m18/03/2026, 00.10.29 [32m    LOG[39m [38;5;3m[RouterExplorer] [39m[32mMapped {/api/users/:id, PUT} route[39m[38;5;3m +1ms[39m
[32m[Nest] 33508  - [39m18/03/2026, 00.10.29 [32m    LOG[39m [38;5;3m[RouterExplorer] [39m[32mMapped {/api/users/:id/status, PUT} route[39m[38;5;3m +0ms[39m
[32m[Nest] 33508  - [39m18/03/2026, 00.10.29 [32m    LOG[39m [38;5;3m[RouterExplorer] [39m[32mMapped {/api/users/:id/ban, PUT} route[39m[38;5;3m +0ms[39m
[32m[Nest] 33508  - [39m18/03/2026, 00.10.29 [32m    LOG[39m [38;5;3m[RouterExplorer] [39m[32mMapped {/api/users/:id/unban, PUT} route[39m[38;5;3m +0ms[39m
[32m[Nest] 33508  - [39m18/03/2026, 00.10.29 [32m    LOG[39m [38;5;3m[RouterExplorer] [39m[32mMapped {/api/users/:id/reset-password, POST} route[39m[38;5;3m +0ms[39m
[32m[Nest] 33508  - [39m18/03/2026, 00.10.29 [32m    LOG[39m [38;5;3m[RouterExplorer] [39m[32mMapped {/api/users/:id, DELETE} route[39m[38;5;3m +1ms[39m
[32m[Nest] 33508  - [39m18/03/2026, 00.10.29 [32m    LOG[39m [38;5;3m[RoutesResolver] [39m[32mAdminCompatController {/api/admin}:[39m[38;5;3m +0ms[39m
[32m[Nest] 33508  - [39m18/03/2026, 00.10.29 [32m    LOG[39m [38;5;3m[RouterExplorer] [39m[32mMapped {/api/admin/yayasan, GET} route[39m[38;5;3m +0ms[39m
[32m[Nest] 33508  - [39m18/03/2026, 00.10.29 [32m    LOG[39m [38;5;3m[RouterExplorer] [39m[32mMapped {/api/admin/yayasan/:id/approve, PUT} route[39m[38;5;3m +0ms[39m
[32m[Nest] 33508  - [39m18/03/2026, 00.10.29 [32m    LOG[39m [38;5;3m[RouterExplorer] [39m[32mMapped {/api/admin/yayasan/:id/toggle, PUT} route[39m[38;5;3m +0ms[39m
[32m[Nest] 33508  - [39m18/03/2026, 00.10.29 [32m    LOG[39m [38;5;3m[RouterExplorer] [39m[32mMapped {/api/admin/yayasan/:id, DELETE} route[39m[38;5;3m +1ms[39m
[32m[Nest] 33508  - [39m18/03/2026, 00.10.29 [32m    LOG[39m [38;5;3m[RouterExplorer] [39m[32mMapped {/api/admin/mitra, GET} route[39m[38;5;3m +0ms[39m
[32m[Nest] 33508  - [39m18/03/2026, 00.10.29 [32m    LOG[39m [38;5;3m[RouterExplorer] [39m[32mMapped {/api/admin/mitra/stats, GET} route[39m[38;5;3m +0ms[39m
[32m[Nest] 33508  - [39m18/03/2026, 00.10.29 [32m    LOG[39m [38;5;3m[RouterExplorer] [39m[32mMapped {/api/admin/mitra/:id/verify, PUT} route[39m[38;5;3m +0ms[39m
[32m[Nest] 33508  - [39m18/03/2026, 00.10.29 [32m    LOG[39m [38;5;3m[RouterExplorer] [39m[32mMapped {/api/admin/mitra/:id/toggle-active, PUT} route[39m[38;5;3m +0ms[39m
[32m[Nest] 33508  - [39m18/03/2026, 00.10.29 [32m    LOG[39m [38;5;3m[RouterExplorer] [39m[32mMapped {/api/admin/mitra/:id/reset-password, POST} route[39m[38;5;3m +0ms[39m
[32m[Nest] 33508  - [39m18/03/2026, 00.10.29 [32m    LOG[39m [38;5;3m[RouterExplorer] [39m[32mMapped {/api/admin/mitra/withdrawals, GET} route[39m[38;5;3m +1ms[39m
[32m[Nest] 33508  - [39m18/03/2026, 00.10.29 [32m    LOG[39m [38;5;3m[RouterExplorer] [39m[32mMapped {/api/admin/mitra/withdrawals/:id/approve, PUT} route[39m[38;5;3m +0ms[39m
[32m[Nest] 33508  - [39m18/03/2026, 00.10.29 [32m    LOG[39m [38;5;3m[RouterExplorer] [39m[32mMapped {/api/admin/mitra/withdrawals/:id/reject, PUT} route[39m[38;5;3m +0ms[39m
[32m[Nest] 33508  - [39m18/03/2026, 00.10.29 [32m    LOG[39m [38;5;3m[RouterExplorer] [39m[32mMapped {/api/admin/withdrawals, GET} route[39m[38;5;3m +0ms[39m
[32m[Nest] 33508  - [39m18/03/2026, 00.10.29 [32m    LOG[39m [38;5;3m[RouterExplorer] [39m[32mMapped {/api/admin/withdrawals/:id/approve, PUT} route[39m[38;5;3m +0ms[39m
[32m[Nest] 33508  - [39m18/03/2026, 00.10.29 [32m    LOG[39m [38;5;3m[RouterExplorer] [39m[32mMapped {/api/admin/withdrawals/:id/reject, PUT} route[39m[38;5;3m +0ms[39m
[32m[Nest] 33508  - [39m18/03/2026, 00.10.29 [32m    LOG[39m [38;5;3m[RoutesResolver] [39m[32mSettingsController {/api/settings}:[39m[38;5;3m +0ms[39m
[32m[Nest] 33508  - [39m18/03/2026, 00.10.29 [32m    LOG[39m [38;5;3m[RouterExplorer] [39m[32mMapped {/api/settings, GET} route[39m[38;5;3m +0ms[39m
[32m[Nest] 33508  - [39m18/03/2026, 00.10.29 [32m    LOG[39m [38;5;3m[RouterExplorer] [39m[32mMapped {/api/settings, PUT} route[39m[38;5;3m +0ms[39m
[32m[Nest] 33508  - [39m18/03/2026, 00.10.29 [32m    LOG[39m [38;5;3m[RouterExplorer] [39m[32mMapped {/api/settings/upload/:assetType, POST} route[39m[38;5;3m +0ms[39m
[32m[Nest] 33508  - [39m18/03/2026, 00.10.29 [32m    LOG[39m [38;5;3m[RouterExplorer] [39m[32mMapped {/api/settings/banner/:index, DELETE} route[39m[38;5;3m +0ms[39m
[32m[Nest] 33508  - [39m18/03/2026, 00.10.29 [32m    LOG[39m [38;5;3m[RouterExplorer] [39m[32mMapped {/api/settings/jenjang-config, GET} route[39m[38;5;3m +1ms[39m
[32m[Nest] 33508  - [39m18/03/2026, 00.10.29 [32m    LOG[39m [38;5;3m[RouterExplorer] [39m[32mMapped {/api/settings/jenjang-config, PUT} route[39m[38;5;3m +0ms[39m
[32m[Nest] 33508  - [39m18/03/2026, 00.10.29 [32m    LOG[39m [38;5;3m[RouterExplorer] [39m[32mMapped {/api/settings/test-price, GET} route[39m[38;5;3m +0ms[39m
[32m[Nest] 33508  - [39m18/03/2026, 00.10.29 [32m    LOG[39m [38;5;3m[RouterExplorer] [39m[32mMapped {/api/settings/general, GET} route[39m[38;5;3m +0ms[39m
[32m[Nest] 33508  - [39m18/03/2026, 00.10.29 [32m    LOG[39m [38;5;3m[RouterExplorer] [39m[32mMapped {/api/settings/system-summary, GET} route[39m[38;5;3m +0ms[39m
[32m[Nest] 33508  - [39m18/03/2026, 00.10.29 [32m    LOG[39m [38;5;3m[RoutesResolver] [39m[32mUploadController {/api/upload}:[39m[38;5;3m +0ms[39m
[32m[Nest] 33508  - [39m18/03/2026, 00.10.29 [32m    LOG[39m [38;5;3m[RouterExplorer] [39m[32mMapped {/api/upload/image, POST} route[39m[38;5;3m +0ms[39m
[32m[Nest] 33508  - [39m18/03/2026, 00.10.29 [32m    LOG[39m [38;5;3m[RoutesResolver] [39m[32mWebsiteContentController {/api/website-content}:[39m[38;5;3m +0ms[39m
[32m[Nest] 33508  - [39m18/03/2026, 00.10.29 [32m    LOG[39m [38;5;3m[RouterExplorer] [39m[32mMapped {/api/website-content/hero-slides, GET} route[39m[38;5;3m +0ms[39m
[32m[Nest] 33508  - [39m18/03/2026, 00.10.29 [32m    LOG[39m [38;5;3m[RouterExplorer] [39m[32mMapped {/api/website-content/hero-slides, POST} route[39m[38;5;3m +1ms[39m
[32m[Nest] 33508  - [39m18/03/2026, 00.10.29 [32m    LOG[39m [38;5;3m[RouterExplorer] [39m[32mMapped {/api/website-content/hero-slides/:id, PUT} route[39m[38;5;3m +0ms[39m
[32m[Nest] 33508  - [39m18/03/2026, 00.10.29 [32m    LOG[39m [38;5;3m[RouterExplorer] [39m[32mMapped {/api/website-content/hero-slides/:id, DELETE} route[39m[38;5;3m +0ms[39m
[32m[Nest] 33508  - [39m18/03/2026, 00.10.29 [32m    LOG[39m [38;5;3m[RouterExplorer] [39m[32mMapped {/api/website-content/products, GET} route[39m[38;5;3m +0ms[39m
[32m[Nest] 33508  - [39m18/03/2026, 00.10.29 [32m    LOG[39m [38;5;3m[RouterExplorer] [39m[32mMapped {/api/website-content/products, POST} route[39m[38;5;3m +0ms[39m
[32m[Nest] 33508  - [39m18/03/2026, 00.10.29 [32m    LOG[39m [38;5;3m[RouterExplorer] [39m[32mMapped {/api/website-content/products/:id, PUT} route[39m[38;5;3m +0ms[39m
[32m[Nest] 33508  - [39m18/03/2026, 00.10.29 [32m    LOG[39m [38;5;3m[RouterExplorer] [39m[32mMapped {/api/website-content/products/:id, DELETE} route[39m[38;5;3m +0ms[39m
[32m[Nest] 33508  - [39m18/03/2026, 00.10.29 [32m    LOG[39m [38;5;3m[RouterExplorer] [39m[32mMapped {/api/website-content/testimonials, GET} route[39m[38;5;3m +0ms[39m
[32m[Nest] 33508  - [39m18/03/2026, 00.10.29 [32m    LOG[39m [38;5;3m[RouterExplorer] [39m[32mMapped {/api/website-content/testimonials, POST} route[39m[38;5;3m +0ms[39m
[32m[Nest] 33508  - [39m18/03/2026, 00.10.29 [32m    LOG[39m [38;5;3m[RouterExplorer] [39m[32mMapped {/api/website-content/testimonials/:id, PUT} route[39m[38;5;3m +0ms[39m
[32m[Nest] 33508  - [39m18/03/2026, 00.10.29 [32m    LOG[39m [38;5;3m[RouterExplorer] [39m[32mMapped {/api/website-content/testimonials/:id, DELETE} route[39m[38;5;3m +1ms[39m
[32m[Nest] 33508  - [39m18/03/2026, 00.10.29 [32m    LOG[39m [38;5;3m[RouterExplorer] [39m[32mMapped {/api/website-content/activities, GET} route[39m[38;5;3m +0ms[39m
[32m[Nest] 33508  - [39m18/03/2026, 00.10.29 [32m    LOG[39m [38;5;3m[RouterExplorer] [39m[32mMapped {/api/website-content/activities, POST} route[39m[38;5;3m +0ms[39m
[32m[Nest] 33508  - [39m18/03/2026, 00.10.29 [32m    LOG[39m [38;5;3m[RouterExplorer] [39m[32mMapped {/api/website-content/activities/:id, PUT} route[39m[38;5;3m +0ms[39m
[32m[Nest] 33508  - [39m18/03/2026, 00.10.29 [32m    LOG[39m [38;5;3m[RouterExplorer] [39m[32mMapped {/api/website-content/activities/:id, DELETE} route[39m[38;5;3m +0ms[39m
[32m[Nest] 33508  - [39m18/03/2026, 00.10.29 [32m    LOG[39m [38;5;3m[RouterExplorer] [39m[32mMapped {/api/website-content/sections, GET} route[39m[38;5;3m +0ms[39m
[32m[Nest] 33508  - [39m18/03/2026, 00.10.29 [32m    LOG[39m [38;5;3m[RouterExplorer] [39m[32mMapped {/api/website-content/section-images, GET} route[39m[38;5;3m +0ms[39m
[32m[Nest] 33508  - [39m18/03/2026, 00.10.29 [32m    LOG[39m [38;5;3m[RouterExplorer] [39m[32mMapped {/api/website-content/sections/reorder, PUT} route[39m[38;5;3m +0ms[39m
[32m[Nest] 33508  - [39m18/03/2026, 00.10.29 [32m    LOG[39m [38;5;3m[RouterExplorer] [39m[32mMapped {/api/website-content/sections/:id, PUT} route[39m[38;5;3m +0ms[39m
[32m[Nest] 33508  - [39m18/03/2026, 00.10.29 [32m    LOG[39m [38;5;3m[RouterExplorer] [39m[32mMapped {/api/website-content/seed-defaults, POST} route[39m[38;5;3m +0ms[39m
[32m[Nest] 33508  - [39m18/03/2026, 00.10.29 [32m    LOG[39m [38;5;3m[RoutesResolver] [39m[32mProductsController {/api/products}:[39m[38;5;3m +0ms[39m
[32m[Nest] 33508  - [39m18/03/2026, 00.10.29 [32m    LOG[39m [38;5;3m[RouterExplorer] [39m[32mMapped {/api/products, GET} route[39m[38;5;3m +1ms[39m
[32m[Nest] 33508  - [39m18/03/2026, 00.10.29 [32m    LOG[39m [38;5;3m[RouterExplorer] [39m[32mMapped {/api/products/:id, GET} route[39m[38;5;3m +0ms[39m
[32m[Nest] 33508  - [39m18/03/2026, 00.10.29 [32m    LOG[39m [38;5;3m[RouterExplorer] [39m[32mMapped {/api/products, POST} route[39m[38;5;3m +0ms[39m
[32m[Nest] 33508  - [39m18/03/2026, 00.10.29 [32m    LOG[39m [38;5;3m[RouterExplorer] [39m[32mMapped {/api/products/:id, PUT} route[39m[38;5;3m +0ms[39m
[32m[Nest] 33508  - [39m18/03/2026, 00.10.29 [32m    LOG[39m [38;5;3m[RouterExplorer] [39m[32mMapped {/api/products/:id, DELETE} route[39m[38;5;3m +0ms[39m
[32m[Nest] 33508  - [39m18/03/2026, 00.10.29 [32m    LOG[39m [38;5;3m[RouterExplorer] [39m[32mMapped {/api/products/upload-image, POST} route[39m[38;5;3m +0ms[39m
[32m[Nest] 33508  - [39m18/03/2026, 00.10.29 [32m    LOG[39m [38;5;3m[RouterExplorer] [39m[32mMapped {/api/products/categories/list, GET} route[39m[38;5;3m +0ms[39m
[32m[Nest] 33508  - [39m18/03/2026, 00.10.29 [32m    LOG[39m [38;5;3m[RouterExplorer] [39m[32mMapped {/api/products/stats/summary, GET} route[39m[38;5;3m +1ms[39m
[32m[Nest] 33508  - [39m18/03/2026, 00.10.29 [32m    LOG[39m [38;5;3m[RoutesResolver] [39m[32mArticlesController {/api/articles}:[39m[38;5;3m +0ms[39m
[32m[Nest] 33508  - [39m18/03/2026, 00.10.29 [32m    LOG[39m [38;5;3m[RouterExplorer] [39m[32mMapped {/api/articles, GET} route[39m[38;5;3m +0ms[39m
[32m[Nest] 33508  - [39m18/03/2026, 00.10.29 [32m    LOG[39m [38;5;3m[RouterExplorer] [39m[32mMapped {/api/articles/stats/summary, GET} route[39m[38;5;3m +0ms[39m
[32m[Nest] 33508  - [39m18/03/2026, 00.10.29 [32m    LOG[39m [38;5;3m[RouterExplorer] [39m[32mMapped {/api/articles/:id, GET} route[39m[38;5;3m +0ms[39m
[32m[Nest] 33508  - [39m18/03/2026, 00.10.29 [32m    LOG[39m [38;5;3m[RouterExplorer] [39m[32mMapped {/api/articles, POST} route[39m[38;5;3m +0ms[39m
[32m[Nest] 33508  - [39m18/03/2026, 00.10.29 [32m    LOG[39m [38;5;3m[RouterExplorer] [39m[32mMapped {/api/articles/:id, PUT} route[39m[38;5;3m +0ms[39m
[32m[Nest] 33508  - [39m18/03/2026, 00.10.29 [32m    LOG[39m [38;5;3m[RouterExplorer] [39m[32mMapped {/api/articles/:id, DELETE} route[39m[38;5;3m +0ms[39m
[32m[Nest] 33508  - [39m18/03/2026, 00.10.29 [32m    LOG[39m [38;5;3m[RoutesResolver] [39m[32mMediaController {/api/media}:[39m[38;5;3m +0ms[39m
[32m[Nest] 33508  - [39m18/03/2026, 00.10.29 [32m    LOG[39m [38;5;3m[RouterExplorer] [39m[32mMapped {/api/media, GET} route[39m[38;5;3m +1ms[39m
[32m[Nest] 33508  - [39m18/03/2026, 00.10.29 [32m    LOG[39m [38;5;3m[RouterExplorer] [39m[32mMapped {/api/media, POST} route[39m[38;5;3m +0ms[39m
[32m[Nest] 33508  - [39m18/03/2026, 00.10.29 [32m    LOG[39m [38;5;3m[RouterExplorer] [39m[32mMapped {/api/media/sync-content-assets, POST} route[39m[38;5;3m +0ms[39m
[32m[Nest] 33508  - [39m18/03/2026, 00.10.29 [32m    LOG[39m [38;5;3m[RouterExplorer] [39m[32mMapped {/api/media/:id, DELETE} route[39m[38;5;3m +0ms[39m
[32m[Nest] 33508  - [39m18/03/2026, 00.10.29 [32m    LOG[39m [38;5;3m[RoutesResolver] [39m[32mBannersController {/api/banners}:[39m[38;5;3m +0ms[39m
[32m[Nest] 33508  - [39m18/03/2026, 00.10.29 [32m    LOG[39m [38;5;3m[RouterExplorer] [39m[32mMapped {/api/banners, GET} route[39m[38;5;3m +0ms[39m
[32m[Nest] 33508  - [39m18/03/2026, 00.10.29 [32m    LOG[39m [38;5;3m[RouterExplorer] [39m[32mMapped {/api/banners/:id, GET} route[39m[38;5;3m +0ms[39m
[32m[Nest] 33508  - [39m18/03/2026, 00.10.29 [32m    LOG[39m [38;5;3m[RouterExplorer] [39m[32mMapped {/api/banners, POST} route[39m[38;5;3m +0ms[39m
[32m[Nest] 33508  - [39m18/03/2026, 00.10.29 [32m    LOG[39m [38;5;3m[RouterExplorer] [39m[32mMapped {/api/banners/:id, PUT} route[39m[38;5;3m +0ms[39m
[32m[Nest] 33508  - [39m18/03/2026, 00.10.29 [32m    LOG[39m [38;5;3m[RouterExplorer] [39m[32mMapped {/api/banners/:id, DELETE} route[39m[38;5;3m +0ms[39m
[32m[Nest] 33508  - [39m18/03/2026, 00.10.29 [32m    LOG[39m [38;5;3m[RouterExplorer] [39m[32mMapped {/api/banners/reorder, PUT} route[39m[38;5;3m +1ms[39m
[32m[Nest] 33508  - [39m18/03/2026, 00.10.29 [32m    LOG[39m [38;5;3m[RoutesResolver] [39m[32mRunningInfoController {/api/running-info}:[39m[38;5;3m +0ms[39m
[32m[Nest] 33508  - [39m18/03/2026, 00.10.29 [32m    LOG[39m [38;5;3m[RouterExplorer] [39m[32mMapped {/api/running-info, GET} route[39m[38;5;3m +0ms[39m
[32m[Nest] 33508  - [39m18/03/2026, 00.10.29 [32m    LOG[39m [38;5;3m[RouterExplorer] [39m[32mMapped {/api/running-info/all, GET} route[39m[38;5;3m +0ms[39m
[32m[Nest] 33508  - [39m18/03/2026, 00.10.29 [32m    LOG[39m [38;5;3m[RouterExplorer] [39m[32mMapped {/api/running-info, POST} route[39m[38;5;3m +0ms[39m
[32m[Nest] 33508  - [39m18/03/2026, 00.10.29 [32m    LOG[39m [38;5;3m[RouterExplorer] [39m[32mMapped {/api/running-info/:id, PUT} route[39m[38;5;3m +0ms[39m
[32m[Nest] 33508  - [39m18/03/2026, 00.10.29 [32m    LOG[39m [38;5;3m[RouterExplorer] [39m[32mMapped {/api/running-info/:id, DELETE} route[39m[38;5;3m +0ms[39m
[32m[Nest] 33508  - [39m18/03/2026, 00.10.29 [32m    LOG[39m [38;5;3m[RoutesResolver] [39m[32mQuestionsController {/api/questions}:[39m[38;5;3m +0ms[39m
[32m[Nest] 33508  - [39m18/03/2026, 00.10.29 [32m    LOG[39m [38;5;3m[RouterExplorer] [39m[32mMapped {/api/questions, GET} route[39m[38;5;3m +0ms[39m
[32m[Nest] 33508  - [39m18/03/2026, 00.10.29 [32m    LOG[39m [38;5;3m[RouterExplorer] [39m[32mMapped {/api/questions/categories/list, GET} route[39m[38;5;3m +0ms[39m
[32m[Nest] 33508  - [39m18/03/2026, 00.10.29 [32m    LOG[39m [38;5;3m[RouterExplorer] [39m[32mMapped {/api/questions, POST} route[39m[38;5;3m +0ms[39m
[32m[Nest] 33508  - [39m18/03/2026, 00.10.29 [32m    LOG[39m [38;5;3m[RouterExplorer] [39m[32mMapped {/api/questions/reorder, PUT} route[39m[38;5;3m +1ms[39m
[32m[Nest] 33508  - [39m18/03/2026, 00.10.29 [32m    LOG[39m [38;5;3m[RouterExplorer] [39m[32mMapped {/api/questions/seed-questions, POST} route[39m[38;5;3m +0ms[39m
[32m[Nest] 33508  - [39m18/03/2026, 00.10.29 [32m    LOG[39m [38;5;3m[RouterExplorer] [39m[32mMapped {/api/questions/:id, GET} route[39m[38;5;3m +0ms[39m
[32m[Nest] 33508  - [39m18/03/2026, 00.10.29 [32m    LOG[39m [38;5;3m[RouterExplorer] [39m[32mMapped {/api/questions/:id, PUT} route[39m[38;5;3m +0ms[39m
[32m[Nest] 33508  - [39m18/03/2026, 00.10.29 [32m    LOG[39m [38;5;3m[RouterExplorer] [39m[32mMapped {/api/questions/:id, DELETE} route[39m[38;5;3m +0ms[39m
[32m[Nest] 33508  - [39m18/03/2026, 00.10.29 [32m    LOG[39m [38;5;3m[RoutesResolver] [39m[32mTestResultsController {/api/test-results}:[39m[38;5;3m +0ms[39m
[32m[Nest] 33508  - [39m18/03/2026, 00.10.29 [32m    LOG[39m [38;5;3m[RouterExplorer] [39m[32mMapped {/api/test-results, POST} route[39m[38;5;3m +0ms[39m
[32m[Nest] 33508  - [39m18/03/2026, 00.10.29 [32m    LOG[39m [38;5;3m[RouterExplorer] [39m[32mMapped {/api/test-results/:id, GET} route[39m[38;5;3m +0ms[39m
[32m[Nest] 33508  - [39m18/03/2026, 00.10.29 [32m    LOG[39m [38;5;3m[RouterExplorer] [39m[32mMapped {/api/test-results/check-free-test/:userId, GET} route[39m[38;5;3m +0ms[39m
[32m[Nest] 33508  - [39m18/03/2026, 00.10.29 [32m    LOG[39m [38;5;3m[RouterExplorer] [39m[32mMapped {/api/test-results/admin/premium-results, GET} route[39m[38;5;3m +0ms[39m
[32m[Nest] 33508  - [39m18/03/2026, 00.10.29 [32m    LOG[39m [38;5;3m[RouterExplorer] [39m[32mMapped {/api/test-results/admin/premium-results/:userId, GET} route[39m[38;5;3m +0ms[39m
[32m[Nest] 33508  - [39m18/03/2026, 00.10.29 [32m    LOG[39m [38;5;3m[RouterExplorer] [39m[32mMapped {/api/test-results/admin/stats, GET} route[39m[38;5;3m +1ms[39m
[32m[Nest] 33508  - [39m18/03/2026, 00.10.29 [32m    LOG[39m [38;5;3m[RoutesResolver] [39m[32mTestAccessController {/api/test-access}:[39m[38;5;3m +0ms[39m
[32m[Nest] 33508  - [39m18/03/2026, 00.10.29 [32m    LOG[39m [38;5;3m[RouterExplorer] [39m[32mMapped {/api/test-access/check, GET} route[39m[38;5;3m +0ms[39m
[32m[Nest] 33508  - [39m18/03/2026, 00.10.29 [32m    LOG[39m [38;5;3m[RouterExplorer] [39m[32mMapped {/api/test-access/record-free-test, POST} route[39m[38;5;3m +0ms[39m
[32m[Nest] 33508  - [39m18/03/2026, 00.10.29 [32m    LOG[39m [38;5;3m[RoutesResolver] [39m[32mPersonalityTestsController {/api/personality-tests}:[39m[38;5;3m +0ms[39m
[32m[Nest] 33508  - [39m18/03/2026, 00.10.29 [32m    LOG[39m [38;5;3m[RouterExplorer] [39m[32mMapped {/api/personality-tests/questions/:testType, GET} route[39m[38;5;3m +0ms[39m
[32m[Nest] 33508  - [39m18/03/2026, 00.10.29 [32m    LOG[39m [38;5;3m[RouterExplorer] [39m[32mMapped {/api/personality-tests/submit, POST} route[39m[38;5;3m +0ms[39m
[32m[Nest] 33508  - [39m18/03/2026, 00.10.29 [32m    LOG[39m [38;5;3m[RouterExplorer] [39m[32mMapped {/api/personality-tests/descriptions/:personalityType, GET} route[39m[38;5;3m +0ms[39m
[32m[Nest] 33508  - [39m18/03/2026, 00.10.29 [32m    LOG[39m [38;5;3m[RouterExplorer] [39m[32mMapped {/api/personality-tests/my-results, GET} route[39m[38;5;3m +0ms[39m
[32m[Nest] 33508  - [39m18/03/2026, 00.10.29 [32m    LOG[39m [38;5;3m[RouterExplorer] [39m[32mMapped {/api/personality-tests/stats, GET} route[39m[38;5;3m +0ms[39m
[32m[Nest] 33508  - [39m18/03/2026, 00.10.29 [32m    LOG[39m [38;5;3m[RoutesResolver] [39m[32mPersonalityResultsController {/api/personality-results}:[39m[38;5;3m +0ms[39m
[32m[Nest] 33508  - [39m18/03/2026, 00.10.29 [32m    LOG[39m [38;5;3m[RouterExplorer] [39m[32mMapped {/api/personality-results, GET} route[39m[38;5;3m +1ms[39m
[32m[Nest] 33508  - [39m18/03/2026, 00.10.29 [32m    LOG[39m [38;5;3m[RouterExplorer] [39m[32mMapped {/api/personality-results/:code, GET} route[39m[38;5;3m +0ms[39m
[32m[Nest] 33508  - [39m18/03/2026, 00.10.29 [32m    LOG[39m [38;5;3m[RouterExplorer] [39m[32mMapped {/api/personality-results/:code, PUT} route[39m[38;5;3m +0ms[39m
[32m[Nest] 33508  - [39m18/03/2026, 00.10.29 [32m    LOG[39m [38;5;3m[RoutesResolver] [39m[32mAiAnalysisController {/api/ai-analysis}:[39m[38;5;3m +0ms[39m
[32m[Nest] 33508  - [39m18/03/2026, 00.10.29 [32m    LOG[39m [38;5;3m[RouterExplorer] [39m[32mMapped {/api/ai-analysis/analyze, POST} route[39m[38;5;3m +0ms[39m
[32m[Nest] 33508  - [39m18/03/2026, 00.10.29 [32m    LOG[39m [38;5;3m[RouterExplorer] [39m[32mMapped {/api/ai-analysis/my-analyses, GET} route[39m[38;5;3m +0ms[39m
[32m[Nest] 33508  - [39m18/03/2026, 00.10.29 [32m    LOG[39m [38;5;3m[RouterExplorer] [39m[32mMapped {/api/ai-analysis/latest, GET} route[39m[38;5;3m +0ms[39m
[32m[Nest] 33508  - [39m18/03/2026, 00.10.29 [32m    LOG[39m [38;5;3m[RoutesResolver] [39m[32mWalletController {/api/wallet}:[39m[38;5;3m +0ms[39m
[32m[Nest] 33508  - [39m18/03/2026, 00.10.29 [32m    LOG[39m [38;5;3m[RouterExplorer] [39m[32mMapped {/api/wallet/balance/:userId, GET} route[39m[38;5;3m +0ms[39m
[32m[Nest] 33508  - [39m18/03/2026, 00.10.29 [32m    LOG[39m [38;5;3m[RouterExplorer] [39m[32mMapped {/api/wallet/transactions/:userId, GET} route[39m[38;5;3m +0ms[39m
[32m[Nest] 33508  - [39m18/03/2026, 00.10.29 [32m    LOG[39m [38;5;3m[RouterExplorer] [39m[32mMapped {/api/wallet/topup, POST} route[39m[38;5;3m +1ms[39m
[32m[Nest] 33508  - [39m18/03/2026, 00.10.29 [32m    LOG[39m [38;5;3m[RouterExplorer] [39m[32mMapped {/api/wallet/check-status/:orderId, GET} route[39m[38;5;3m +0ms[39m
[32m[Nest] 33508  - [39m18/03/2026, 00.10.29 [32m    LOG[39m [38;5;3m[RouterExplorer] [39m[32mMapped {/api/wallet/pay-test, POST} route[39m[38;5;3m +0ms[39m
[32m[Nest] 33508  - [39m18/03/2026, 00.10.29 [32m    LOG[39m [38;5;3m[RoutesResolver] [39m[32mUserPaymentsController {/api/user-payments}:[39m[38;5;3m +0ms[39m
[32m[Nest] 33508  - [39m18/03/2026, 00.10.29 [32m    LOG[39m [38;5;3m[RouterExplorer] [39m[32mMapped {/api/user-payments/upload-proof, POST} route[39m[38;5;3m +0ms[39m
[32m[Nest] 33508  - [39m18/03/2026, 00.10.29 [32m    LOG[39m [38;5;3m[RouterExplorer] [39m[32mMapped {/api/user-payments/my-payments, GET} route[39m[38;5;3m +0ms[39m
[32m[Nest] 33508  - [39m18/03/2026, 00.10.29 [32m    LOG[39m [38;5;3m[RouterExplorer] [39m[32mMapped {/api/user-payments/test-price, GET} route[39m[38;5;3m +0ms[39m
[32m[Nest] 33508  - [39m18/03/2026, 00.10.29 [32m    LOG[39m [38;5;3m[RouterExplorer] [39m[32mMapped {/api/user-payments/create-qris, POST} route[39m[38;5;3m +0ms[39m
[32m[Nest] 33508  - [39m18/03/2026, 00.10.29 [32m    LOG[39m [38;5;3m[RouterExplorer] [39m[32mMapped {/api/user-payments/create-snap, POST} route[39m[38;5;3m +0ms[39m
[32m[Nest] 33508  - [39m18/03/2026, 00.10.29 [32m    LOG[39m [38;5;3m[RouterExplorer] [39m[32mMapped {/api/user-payments/cancel-payment/:orderId, POST} route[39m[38;5;3m +0ms[39m
[32m[Nest] 33508  - [39m18/03/2026, 00.10.29 [32m    LOG[39m [38;5;3m[RouterExplorer] [39m[32mMapped {/api/user-payments/check-qris/:uniqueCode, GET} route[39m[38;5;3m +1ms[39m
[32m[Nest] 33508  - [39m18/03/2026, 00.10.29 [32m    LOG[39m [38;5;3m[RouterExplorer] [39m[32mMapped {/api/user-payments/check-payment/:orderId, GET} route[39m[38;5;3m +0ms[39m
[32m[Nest] 33508  - [39m18/03/2026, 00.10.29 [32m    LOG[39m [38;5;3m[RouterExplorer] [39m[32mMapped {/api/user-payments/status/:userId, GET} route[39m[38;5;3m +0ms[39m
[32m[Nest] 33508  - [39m18/03/2026, 00.10.29 [32m    LOG[39m [38;5;3m[RoutesResolver] [39m[32mTransactionsController {/api/transactions}:[39m[38;5;3m +0ms[39m
[32m[Nest] 33508  - [39m18/03/2026, 00.10.29 [32m    LOG[39m [38;5;3m[RouterExplorer] [39m[32mMapped {/api/transactions/create, POST} route[39m[38;5;3m +0ms[39m
[32m[Nest] 33508  - [39m18/03/2026, 00.10.29 [32m    LOG[39m [38;5;3m[RouterExplorer] [39m[32mMapped {/api/transactions/:orderId/status, GET} route[39m[38;5;3m +0ms[39m
[32m[Nest] 33508  - [39m18/03/2026, 00.10.29 [32m    LOG[39m [38;5;3m[RouterExplorer] [39m[32mMapped {/api/transactions, GET} route[39m[38;5;3m +0ms[39m
[32m[Nest] 33508  - [39m18/03/2026, 00.10.29 [32m    LOG[39m [38;5;3m[RouterExplorer] [39m[32mMapped {/api/transactions/stats/summary, GET} route[39m[38;5;3m +0ms[39m
[32m[Nest] 33508  - [39m18/03/2026, 00.10.29 [32m    LOG[39m [38;5;3m[RoutesResolver] [39m[32mFinanceController {/api/finance}:[39m[38;5;3m +1ms[39m
[32m[Nest] 33508  - [39m18/03/2026, 00.10.29 [32m    LOG[39m [38;5;3m[RouterExplorer] [39m[32mMapped {/api/finance/revenue, GET} route[39m[38;5;3m +0ms[39m
[32m[Nest] 33508  - [39m18/03/2026, 00.10.29 [32m    LOG[39m [38;5;3m[RouterExplorer] [39m[32mMapped {/api/finance/transactions, GET} route[39m[38;5;3m +0ms[39m
[32m[Nest] 33508  - [39m18/03/2026, 00.10.29 [32m    LOG[39m [38;5;3m[RouterExplorer] [39m[32mMapped {/api/finance/disbursements, GET} route[39m[38;5;3m +0ms[39m
[32m[Nest] 33508  - [39m18/03/2026, 00.10.29 [32m    LOG[39m [38;5;3m[RouterExplorer] [39m[32mMapped {/api/finance/disbursements/:id/process, PUT} route[39m[38;5;3m +0ms[39m
[32m[Nest] 33508  - [39m18/03/2026, 00.10.29 [32m    LOG[39m [38;5;3m[RouterExplorer] [39m[32mMapped {/api/finance/disbursements/developer, POST} route[39m[38;5;3m +0ms[39m
[32m[Nest] 33508  - [39m18/03/2026, 00.10.29 [32m    LOG[39m [38;5;3m[RoutesResolver] [39m[32mReferralsController {/api/referrals}:[39m[38;5;3m +0ms[39m
[32m[Nest] 33508  - [39m18/03/2026, 00.10.29 [32m    LOG[39m [38;5;3m[RouterExplorer] [39m[32mMapped {/api/referrals/settings, GET} route[39m[38;5;3m +0ms[39m
[32m[Nest] 33508  - [39m18/03/2026, 00.10.29 [32m    LOG[39m [38;5;3m[RouterExplorer] [39m[32mMapped {/api/referrals/settings, PUT} route[39m[38;5;3m +0ms[39m
[32m[Nest] 33508  - [39m18/03/2026, 00.10.29 [32m    LOG[39m [38;5;3m[RouterExplorer] [39m[32mMapped {/api/referrals/leaderboard, GET} route[39m[38;5;3m +0ms[39m
[32m[Nest] 33508  - [39m18/03/2026, 00.10.29 [32m    LOG[39m [38;5;3m[RouterExplorer] [39m[32mMapped {/api/referrals/transactions, GET} route[39m[38;5;3m +0ms[39m
[32m[Nest] 33508  - [39m18/03/2026, 00.10.29 [32m    LOG[39m [38;5;3m[RouterExplorer] [39m[32mMapped {/api/referrals/stats, GET} route[39m[38;5;3m +1ms[39m
[32m[Nest] 33508  - [39m18/03/2026, 00.10.29 [32m    LOG[39m [38;5;3m[RoutesResolver] [39m[32mCertificatesController {/api/certificates}:[39m[38;5;3m +0ms[39m
[32m[Nest] 33508  - [39m18/03/2026, 00.10.29 [32m    LOG[39m [38;5;3m[RouterExplorer] [39m[32mMapped {/api/certificates/template, GET} route[39m[38;5;3m +0ms[39m
[32m[Nest] 33508  - [39m18/03/2026, 00.10.29 [32m    LOG[39m [38;5;3m[RouterExplorer] [39m[32mMapped {/api/certificates/template, PUT} route[39m[38;5;3m +0ms[39m
[32m[Nest] 33508  - [39m18/03/2026, 00.10.29 [32m    LOG[39m [38;5;3m[RouterExplorer] [39m[32mMapped {/api/certificates/template/upload/:assetType, POST} route[39m[38;5;3m +0ms[39m
[32m[Nest] 33508  - [39m18/03/2026, 00.10.29 [32m    LOG[39m [38;5;3m[RouterExplorer] [39m[32mMapped {/api/certificates/issued, GET} route[39m[38;5;3m +0ms[39m
[32m[Nest] 33508  - [39m18/03/2026, 00.10.29 [32m    LOG[39m [38;5;3m[RouterExplorer] [39m[32mMapped {/api/certificates/issue, POST} route[39m[38;5;3m +0ms[39m
[32m[Nest] 33508  - [39m18/03/2026, 00.10.29 [32m    LOG[39m [38;5;3m[RouterExplorer] [39m[32mMapped {/api/certificates/detail/:id, GET} route[39m[38;5;3m +0ms[39m
[32m[Nest] 33508  - [39m18/03/2026, 00.10.29 [32m    LOG[39m [38;5;3m[RouterExplorer] [39m[32mMapped {/api/certificates/verify/:certificateNumber, GET} route[39m[38;5;3m +0ms[39m
[32m[Nest] 33508  - [39m18/03/2026, 00.10.29 [32m    LOG[39m [38;5;3m[RouterExplorer] [39m[32mMapped {/api/certificates/check-eligibility, GET} route[39m[38;5;3m +1ms[39m
[32m[Nest] 33508  - [39m18/03/2026, 00.10.29 [32m    LOG[39m [38;5;3m[RouterExplorer] [39m[32mMapped {/api/certificates/preview-data/:userId, GET} route[39m[38;5;3m +0ms[39m
[32m[Nest] 33508  - [39m18/03/2026, 00.10.29 [32m    LOG[39m [38;5;3m[RouterExplorer] [39m[32mMapped {/api/certificates/download-ai-certificate, GET} route[39m[38;5;3m +0ms[39m
[32m[Nest] 33508  - [39m18/03/2026, 00.10.29 [32m    LOG[39m [38;5;3m[RouterExplorer] [39m[32mMapped {/api/certificates/download/:certificateNumber, GET} route[39m[38;5;3m +0ms[39m
[32m[Nest] 33508  - [39m18/03/2026, 00.10.29 [32m    LOG[39m [38;5;3m[RouterExplorer] [39m[32mMapped {/api/certificates/generate-newme/:userId, GET} route[39m[38;5;3m +0ms[39m
[32m[Nest] 33508  - [39m18/03/2026, 00.10.29 [32m    LOG[39m [38;5;3m[RoutesResolver] [39m[32mYayasanController {/api/yayasan}:[39m[38;5;3m +0ms[39m
[32m[Nest] 33508  - [39m18/03/2026, 00.10.29 [32m    LOG[39m [38;5;3m[RouterExplorer] [39m[32mMapped {/api/yayasan/me, GET} route[39m[38;5;3m +0ms[39m
[32m[Nest] 33508  - [39m18/03/2026, 00.10.29 [32m    LOG[39m [38;5;3m[RouterExplorer] [39m[32mMapped {/api/yayasan/dashboard/stats, GET} route[39m[38;5;3m +0ms[39m
[32m[Nest] 33508  - [39m18/03/2026, 00.10.29 [32m    LOG[39m [38;5;3m[RouterExplorer] [39m[32mMapped {/api/yayasan/users, GET} route[39m[38;5;3m +0ms[39m
[32m[Nest] 33508  - [39m18/03/2026, 00.10.29 [32m    LOG[39m [38;5;3m[RouterExplorer] [39m[32mMapped {/api/yayasan/users/:id/detail, GET} route[39m[38;5;3m +1ms[39m
[32m[Nest] 33508  - [39m18/03/2026, 00.10.29 [32m    LOG[39m [38;5;3m[RouterExplorer] [39m[32mMapped {/api/yayasan/test-results, GET} route[39m[38;5;3m +0ms[39m
[32m[Nest] 33508  - [39m18/03/2026, 00.10.29 [32m    LOG[39m [38;5;3m[RouterExplorer] [39m[32mMapped {/api/yayasan/wallet, GET} route[39m[38;5;3m +0ms[39m
[32m[Nest] 33508  - [39m18/03/2026, 00.10.29 [32m    LOG[39m [38;5;3m[RouterExplorer] [39m[32mMapped {/api/yayasan/referral-price, PUT} route[39m[38;5;3m +0ms[39m
[32m[Nest] 33508  - [39m18/03/2026, 00.10.29 [32m    LOG[39m [38;5;3m[RouterExplorer] [39m[32mMapped {/api/yayasan/wallet/withdraw, POST} route[39m[38;5;3m +0ms[39m
[32m[Nest] 33508  - [39m18/03/2026, 00.10.29 [32m    LOG[39m [38;5;3m[RouterExplorer] [39m[32mMapped {/api/yayasan/admin/list, GET} route[39m[38;5;3m +0ms[39m
[32m[Nest] 33508  - [39m18/03/2026, 00.10.29 [32m    LOG[39m [38;5;3m[RouterExplorer] [39m[32mMapped {/api/yayasan/admin/:id/detail, GET} route[39m[38;5;3m +0ms[39m
[32m[Nest] 33508  - [39m18/03/2026, 00.10.29 [32m    LOG[39m [38;5;3m[RouterExplorer] [39m[32mMapped {/api/yayasan/admin/:id/toggle-active, PUT} route[39m[38;5;3m +0ms[39m
[32m[Nest] 33508  - [39m18/03/2026, 00.10.29 [32m    LOG[39m [38;5;3m[RouterExplorer] [39m[32mMapped {/api/yayasan/admin/:id/verify, PUT} route[39m[38;5;3m +0ms[39m
[32m[Nest] 33508  - [39m18/03/2026, 00.10.29 [32m    LOG[39m [38;5;3m[RouterExplorer] [39m[32mMapped {/api/yayasan/admin/withdrawals, GET} route[39m[38;5;3m +0ms[39m
[32m[Nest] 33508  - [39m18/03/2026, 00.10.29 [32m    LOG[39m [38;5;3m[RouterExplorer] [39m[32mMapped {/api/yayasan/admin/withdrawals/:id/approve, PUT} route[39m[38;5;3m +0ms[39m
[32m[Nest] 33508  - [39m18/03/2026, 00.10.29 [32m    LOG[39m [38;5;3m[RouterExplorer] [39m[32mMapped {/api/yayasan/admin/withdrawals/:id/reject, PUT} route[39m[38;5;3m +1ms[39m
[32m[Nest] 33508  - [39m18/03/2026, 00.10.29 [32m    LOG[39m [38;5;3m[RoutesResolver] [39m[32mMitraController {/api/mitra}:[39m[38;5;3m +0ms[39m
[32m[Nest] 33508  - [39m18/03/2026, 00.10.29 [32m    LOG[39m [38;5;3m[RouterExplorer] [39m[32mMapped {/api/mitra/me, GET} route[39m[38;5;3m +0ms[39m
[32m[Nest] 33508  - [39m18/03/2026, 00.10.29 [32m    LOG[39m [38;5;3m[RouterExplorer] [39m[32mMapped {/api/mitra/dashboard/stats, GET} route[39m[38;5;3m +1ms[39m
[32m[Nest] 33508  - [39m18/03/2026, 00.10.29 [32m    LOG[39m [38;5;3m[RouterExplorer] [39m[32mMapped {/api/mitra/stats, GET} route[39m[38;5;3m +0ms[39m
[32m[Nest] 33508  - [39m18/03/2026, 00.10.29 [32m    LOG[39m [38;5;3m[RouterExplorer] [39m[32mMapped {/api/mitra/yayasan, GET} route[39m[38;5;3m +0ms[39m
[32m[Nest] 33508  - [39m18/03/2026, 00.10.29 [32m    LOG[39m [38;5;3m[RouterExplorer] [39m[32mMapped {/api/mitra/yayasan/:id/detail, GET} route[39m[38;5;3m +0ms[39m
[32m[Nest] 33508  - [39m18/03/2026, 00.10.29 [32m    LOG[39m [38;5;3m[RouterExplorer] [39m[32mMapped {/api/mitra/yayasan/:id/approve, POST} route[39m[38;5;3m +0ms[39m
[32m[Nest] 33508  - [39m18/03/2026, 00.10.29 [32m    LOG[39m [38;5;3m[RouterExplorer] [39m[32mMapped {/api/mitra/yayasan/:id/price, PUT} route[39m[38;5;3m +0ms[39m
[32m[Nest] 33508  - [39m18/03/2026, 00.10.29 [32m    LOG[39m [38;5;3m[RouterExplorer] [39m[32mMapped {/api/mitra/yayasan/:id/price-change-requests, POST} route[39m[38;5;3m +0ms[39m
[32m[Nest] 33508  - [39m18/03/2026, 00.10.29 [32m    LOG[39m [38;5;3m[RouterExplorer] [39m[32mMapped {/api/mitra/price-change-requests, GET} route[39m[38;5;3m +0ms[39m
[32m[Nest] 33508  - [39m18/03/2026, 00.10.29 [32m    LOG[39m [38;5;3m[RouterExplorer] [39m[32mMapped {/api/mitra/wallet, GET} route[39m[38;5;3m +1ms[39m
[32m[Nest] 33508  - [39m18/03/2026, 00.10.29 [32m    LOG[39m [38;5;3m[RouterExplorer] [39m[32mMapped {/api/mitra/wallet/withdraw, POST} route[39m[38;5;3m +0ms[39m
[32m[Nest] 33508  - [39m18/03/2026, 00.10.29 [32m    LOG[39m [38;5;3m[RouterExplorer] [39m[32mMapped {/api/mitra/withdraw, POST} route[39m[38;5;3m +0ms[39m
[32m[Nest] 33508  - [39m18/03/2026, 00.10.29 [32m    LOG[39m [38;5;3m[RouterExplorer] [39m[32mMapped {/api/mitra/admin/list, GET} route[39m[38;5;3m +0ms[39m
[32m[Nest] 33508  - [39m18/03/2026, 00.10.29 [32m    LOG[39m [38;5;3m[RouterExplorer] [39m[32mMapped {/api/mitra/admin/:id/detail, GET} route[39m[38;5;3m +0ms[39m
[32m[Nest] 33508  - [39m18/03/2026, 00.10.29 [32m    LOG[39m [38;5;3m[RouterExplorer] [39m[32mMapped {/api/mitra/admin/price-change-requests, GET} route[39m[38;5;3m +0ms[39m
[32m[Nest] 33508  - [39m18/03/2026, 00.10.29 [32m    LOG[39m [38;5;3m[RouterExplorer] [39m[32mMapped {/api/mitra/admin/price-change-requests/:id/review, PUT} route[39m[38;5;3m +0ms[39m
[32m[Nest] 33508  - [39m18/03/2026, 00.10.29 [32m    LOG[39m [38;5;3m[RouterExplorer] [39m[32mMapped {/api/mitra/admin/:id/toggle-active, PUT} route[39m[38;5;3m +0ms[39m
[32m[Nest] 33508  - [39m18/03/2026, 00.10.29 [32m    LOG[39m [38;5;3m[RouterExplorer] [39m[32mMapped {/api/mitra/admin/:id/verify, PUT} route[39m[38;5;3m +0ms[39m
[32m[Nest] 33508  - [39m18/03/2026, 00.10.29 [32m    LOG[39m [38;5;3m[RouterExplorer] [39m[32mMapped {/api/mitra/admin/:id/reset-password, POST} route[39m[38;5;3m +1ms[39m
[32m[Nest] 33508  - [39m18/03/2026, 00.10.29 [32m    LOG[39m [38;5;3m[RouterExplorer] [39m[32mMapped {/api/mitra/admin/withdrawals, GET} route[39m[38;5;3m +0ms[39m
[32m[Nest] 33508  - [39m18/03/2026, 00.10.29 [32m    LOG[39m [38;5;3m[RouterExplorer] [39m[32mMapped {/api/mitra/admin/withdrawals/:id/approve, PUT} route[39m[38;5;3m +0ms[39m
[32m[Nest] 33508  - [39m18/03/2026, 00.10.29 [32m    LOG[39m [38;5;3m[RouterExplorer] [39m[32mMapped {/api/mitra/admin/withdrawals/:id/reject, PUT} route[39m[38;5;3m +0ms[39m
[32m[Nest] 33508  - [39m18/03/2026, 00.10.29 [32m    LOG[39m [38;5;3m[RoutesResolver] [39m[32mContactsController {/api/contacts}:[39m[38;5;3m +0ms[39m
[32m[Nest] 33508  - [39m18/03/2026, 00.10.29 [32m    LOG[39m [38;5;3m[RouterExplorer] [39m[32mMapped {/api/contacts, POST} route[39m[38;5;3m +0ms[39m
[32m[Nest] 33508  - [39m18/03/2026, 00.10.29 [32m    LOG[39m [38;5;3m[RouterExplorer] [39m[32mMapped {/api/contacts, GET} route[39m[38;5;3m +0ms[39m
[32m[Nest] 33508  - [39m18/03/2026, 00.10.29 [32m    LOG[39m [38;5;3m[RouterExplorer] [39m[32mMapped {/api/contacts/:id, GET} route[39m[38;5;3m +0ms[39m
[32m[Nest] 33508  - [39m18/03/2026, 00.10.29 [32m    LOG[39m [38;5;3m[RouterExplorer] [39m[32mMapped {/api/contacts/stats/summary, GET} route[39m[38;5;3m +1ms[39m
[32m[Nest] 33508  - [39m18/03/2026, 00.10.29 [32m    LOG[39m [38;5;3m[RouterExplorer] [39m[32mMapped {/api/contacts/:id/status, PUT} route[39m[38;5;3m +0ms[39m
[32m[Nest] 33508  - [39m18/03/2026, 00.10.29 [32m    LOG[39m [38;5;3m[RoutesResolver] [39m[32mInstitutionsController {/api/institutions}:[39m[38;5;3m +0ms[39m
[32m[Nest] 33508  - [39m18/03/2026, 00.10.29 [32m    LOG[39m [38;5;3m[RouterExplorer] [39m[32mMapped {/api/institutions/inquiry, POST} route[39m[38;5;3m +0ms[39m
[32m[Nest] 33508  - [39m18/03/2026, 00.10.29 [32m    LOG[39m [38;5;3m[RouterExplorer] [39m[32mMapped {/api/institutions, GET} route[39m[38;5;3m +0ms[39m
[32m[Nest] 33508  - [39m18/03/2026, 00.10.29 [32m    LOG[39m [38;5;3m[RouterExplorer] [39m[32mMapped {/api/institutions/:id, GET} route[39m[38;5;3m +0ms[39m
[32m[Nest] 33508  - [39m18/03/2026, 00.10.29 [32m    LOG[39m [38;5;3m[RouterExplorer] [39m[32mMapped {/api/institutions/stats/summary, GET} route[39m[38;5;3m +0ms[39m
[32m[Nest] 33508  - [39m18/03/2026, 00.10.29 [32m    LOG[39m [38;5;3m[RouterExplorer] [39m[32mMapped {/api/institutions/:id/status, PUT} route[39m[38;5;3m +0ms[39m
[32m[Nest] 33508  - [39m18/03/2026, 00.10.29 [32m    LOG[39m [38;5;3m[RoutesResolver] [39m[32mRegistrationsController {/api/registrations}:[39m[38;5;3m +0ms[39m
[32m[Nest] 33508  - [39m18/03/2026, 00.10.29 [32m    LOG[39m [38;5;3m[RouterExplorer] [39m[32mMapped {/api/registrations, POST} route[39m[38;5;3m +0ms[39m
[32m[Nest] 33508  - [39m18/03/2026, 00.10.29 [32m    LOG[39m [38;5;3m[RouterExplorer] [39m[32mMapped {/api/registrations, GET} route[39m[38;5;3m +1ms[39m
[32m[Nest] 33508  - [39m18/03/2026, 00.10.29 [32m    LOG[39m [38;5;3m[RouterExplorer] [39m[32mMapped {/api/registrations/:id, GET} route[39m[38;5;3m +0ms[39m
[32m[Nest] 33508  - [39m18/03/2026, 00.10.29 [32m    LOG[39m [38;5;3m[RouterExplorer] [39m[32mMapped {/api/registrations/stats/summary, GET} route[39m[38;5;3m +0ms[39m
[32m[Nest] 33508  - [39m18/03/2026, 00.10.29 [32m    LOG[39m [38;5;3m[RoutesResolver] [39m[32mAnalyticsController {/api/analytics}:[39m[38;5;3m +0ms[39m
[32m[Nest] 33508  - [39m18/03/2026, 00.10.29 [32m    LOG[39m [38;5;3m[RouterExplorer] [39m[32mMapped {/api/analytics/pageview, POST} route[39m[38;5;3m +0ms[39m
[32m[Nest] 33508  - [39m18/03/2026, 00.10.29 [32m    LOG[39m [38;5;3m[RouterExplorer] [39m[32mMapped {/api/analytics/stats, GET} route[39m[38;5;3m +0ms[39m
[32m[Nest] 33508  - [39m18/03/2026, 00.10.29 [32m    LOG[39m [38;5;3m[RouterExplorer] [39m[32mMapped {/api/analytics/online-users, GET} route[39m[38;5;3m +0ms[39m
[32m[Nest] 33508  - [39m18/03/2026, 00.10.29 [32m    LOG[39m [38;5;3m[RouterExplorer] [39m[32mMapped {/api/analytics/cleanup, DELETE} route[39m[38;5;3m +0ms[39m
[32m[Nest] 33508  - [39m18/03/2026, 00.10.29 [32m    LOG[39m [38;5;3m[NestApplication] [39m[32mNest application successfully started[39m[38;5;3m +0ms[39m
[32m[Nest] 33508  - [39m18/03/2026, 00.11.00 [32m    LOG[39m [38;5;3m[PaymentsOpsMonitorService] [39m[32mPayment ops monitor invalid=0 backlog=0 stale=16 reconcile=0 failed=0 errorRate=0%[39m
[32m[Nest] 33508  - [39m18/03/2026, 00.12.00 [32m    LOG[39m [38;5;3m[PaymentsOpsMonitorService] [39m[32mPayment ops monitor invalid=0 backlog=0 stale=16 reconcile=0 failed=0 errorRate=0%[39m
[32m[Nest] 33508  - [39m18/03/2026, 00.13.00 [32m    LOG[39m [38;5;3m[PaymentsOpsMonitorService] [39m[32mPayment ops monitor invalid=0 backlog=0 stale=16 reconcile=0 failed=0 errorRate=0%[39m
[32m[Nest] 33508  - [39m18/03/2026, 00.14.00 [32m    LOG[39m [38;5;3m[PaymentsOpsMonitorService] [39m[32mPayment ops monitor invalid=0 backlog=0 stale=16 reconcile=0 failed=0 errorRate=0%[39m
[32m[Nest] 33508  - [39m18/03/2026, 00.15.00 [32m    LOG[39m [38;5;3m[PaymentsReconcileService] [39m[32mPayment reconcile checked=0 fixed=0[39m
[32m[Nest] 33508  - [39m18/03/2026, 00.15.00 [32m    LOG[39m [38;5;3m[PaymentsOpsMonitorService] [39m[32mPayment ops monitor invalid=0 backlog=0 stale=16 reconcile=0 failed=0 errorRate=0%[39m
